Last login: Tue Feb 25 09:51:06 on console
cortezcunningham@Cortezs-MacBook-Pro ~ % cd path/to/BFG_website
git init
git add .
git commit -m "Initial commit"
git branch -M main
git remote add origin https://github.com/yourusername/BFG-Website.git
git push -u origin main

cd: no such file or directory: path/to/BFG_website
xcode-select: note: No developer tools were found, requesting install.
If developer tools are located at a non-default location on disk, use `sudo xcode-select --switch path/to/Xcode.app` to specify the Xcode that you wish to use for command line developer tools, and cancel the installation dialog.
See `man xcode-select` for more details.
xcode-select: note: No developer tools were found, requesting install.
If developer tools are located at a non-default location on disk, use `sudo xcode-select --switch path/to/Xcode.app` to specify the Xcode that you wish to use for command line developer tools, and cancel the installation dialog.
See `man xcode-select` for more details.
xcode-select: note: No developer tools were found, requesting install.
If developer tools are located at a non-default location on disk, use `sudo xcode-select --switch path/to/Xcode.app` to specify the Xcode that you wish to use for command line developer tools, and cancel the installation dialog.
See `man xcode-select` for more details.
xcode-select: note: No developer tools were found, requesting install.
If developer tools are located at a non-default location on disk, use `sudo xcode-select --switch path/to/Xcode.app` to specify the Xcode that you wish to use for command line developer tools, and cancel the installation dialog.
See `man xcode-select` for more details.
xcode-select: note: No developer tools were found, requesting install.
If developer tools are located at a non-default location on disk, use `sudo xcode-select --switch path/to/Xcode.app` to specify the Xcode that you wish to use for command line developer tools, and cancel the installation dialog.
See `man xcode-select` for more details.
xcode-select: note: No developer tools were found, requesting install.
If developer tools are located at a non-default location on disk, use `sudo xcode-select --switch path/to/Xcode.app` to specify the Xcode that you wish to use for command line developer tools, and cancel the installation dialog.
See `man xcode-select` for more details.
cortezcunningham@Cortezs-MacBook-Pro ~ % BFG-Website
├── index.html
├── images/
├── style.css (if you added one)
└── other files

zsh: command not found: BFG-Website
zsh: command not found: ├──
zsh: command not found: ├──
zsh: unknown file attribute: i
zsh: command not found: └──
cortezcunningham@Cortezs-MacBook-Pro ~ % cd path/to/BFG_website
mv foldername/index.html .   # Moves the file to the root
git add .
git commit -m "Moved index.html to root"
git push origin main

cd: no such file or directory: path/to/BFG_website
mv: root is not a directory
xcode-select: note: No developer tools were found, requesting install.
If developer tools are located at a non-default location on disk, use `sudo xcode-select --switch path/to/Xcode.app` to specify the Xcode that you wish to use for command line developer tools, and cancel the installation dialog.
See `man xcode-select` for more details.
xcode-select: note: No developer tools were found, requesting install.
If developer tools are located at a non-default location on disk, use `sudo xcode-select --switch path/to/Xcode.app` to specify the Xcode that you wish to use for command line developer tools, and cancel the installation dialog.
See `man xcode-select` for more details.
xcode-select: note: No developer tools were found, requesting install.
If developer tools are located at a non-default location on disk, use `sudo xcode-select --switch path/to/Xcode.app` to specify the Xcode that you wish to use for command line developer tools, and cancel the installation dialog.
See `man xcode-select` for more details.
cortezcunningham@Cortezs-MacBook-Pro ~ % mv foldername/index.html .   # Moves the file to the root
git add .
git commit -m "Moved index.html to root"
git push origin main

mv: root is not a directory
fatal: not a git repository (or any of the parent directories): .git
fatal: not a git repository (or any of the parent directories): .git
fatal: not a git repository (or any of the parent directories): .git
cortezcunningham@Cortezs-MacBook-Pro ~ % <!DOCTYPE html>
<html lang="en">
<head>
    <meta charset="UTF-8">
    <meta name="viewport" content="width=device-width, initial-scale=1.0">
    <title>Build For Greatness - Cortez Cunningham</title>
    <style>
        body {
            font-family: Arial, sans-serif;
            background-color: #000;
            color: #fff;
            margin: 0;
            padding: 0;
        }
        header, footer {
            background-color: #111;
            text-align: center;
            padding: 20px;
        }
        header h1, footer p {
            margin: 0;
        }
        nav {
            text-align: center;
            margin: 20px 0;
        }
        nav a {
            color: #fff;
            text-decoration: none;
            margin: 0 15px;
            font-weight: bold;
        }
        .gallery {
            display: grid;
            grid-template-columns: repeat(auto-fill, minmax(300px, 1fr));
            gap: 10px;
            padding: 20px;
            justify-items: center;
        }
        .gallery img {
            max-width: 100%;
            height: auto;
            border: 2px solid #fff;
            border-radius: 10px;
            transition: transform 0.3s ease;
        }
        .gallery img:hover {
            transform: scale(1.05);
        }
    </style>
</head>
<body>
    <header>
        <h1>Build For Greatness (BFG)</h1>
        <p>Creativity, Empowerment, and Cultural Pride</p>
    </header>
    <nav>
        <a href="#about">About</a>
        <a href="#gallery">Gallery</a>
        <a href="#portfolio">Portfolio</a>
        <a href="#contact">Contact</a>
    </nav>
    <section id="about">
        <h2>About</h2>
        <p>Cortez Cunningham is a multidisciplinary artist and designer whose work bridges digital and traditional mediums to celebrate culture, individuality, and creative freedom.</p>
    </section>
    <section id="gallery" class="gallery">
        <h2>Gallery</h2>
        <!-- Image links will be added here -->
    </section>
    <footer>
        <p>© 2025 Build For Greatness. All Rights Reserved.</p>
    </footer>
</body>
</html>
IMG_0788.jpeg
IMG_0914.png
IMG_0915.png
IMG_0916.png
IMG_0919.png
IMG_4454.jpeg
IMG_7302.jpeg
IMG_7303.jpeg
IMG_7304.jpeg
IMG_7305.jpeg
IMG_7306.jpeg
IMG_7307.jpeg
IMG_7310.png
